data/history/15538395933.csv
time,date,itemid,price,discount,price_before_discount,stock,sold,item_status,cmt_count,liked_count
1656632385,20220630,15538395933,11968000,43%,20847000,1660,93,normal,99,914
1656640765,20220701,15538395933,11968000,43%,20847000,1658,93,normal,99,918
1656647892,20220701,15538395933,11968000,43%,20847000,1657,93,normal,99,920
1656651639,20220701,15538395933,11968000,43%,20847000,1656,93,normal,99,919
1656668482,20220701,15538395933,11968000,43%,20847000,1655,93,normal,99,919
1656682680,20220701,15538395933,11968000,43%,20847000,1655,93,normal,99,921
1656685054,20220701,15538395933,11968000,43%,20847000,1655,93,normal,99,922
1656686358,20220701,15538395933,11968000,43%,20847000,1654,93,normal,99,922
1656688813,20220701,15538395933,11968000,43%,20847000,1653,93,normal,99,922
1656692947,20220701,15538395933,11968000,43%,20847000,1653,90,normal,99,922
1656702882,20220701,15538395933,11968000,43%,20847000,1652,90,normal,99,923
1656726359,20220702,15538395933,11968000,43%,20847000,1652,90,normal,99,924
1656733552,20220702,15538395933,11968000,43%,20847000,1652,90,normal,99,926
1656766914,20220702,15538395933,11968000,43%,20847000,1652,90,normal,100,926
1656771313,20220702,15538395933,11968000,43%,20847000,1651,90,normal,100,926
1656779015,20220702,15538395933,11968000,43%,20847000,1651,90,normal,100,927
1656786007,20220702,15538395933,11968000,43%,20847000,1650,90,normal,100,927
1656793100,20220702,15538395933,11968000,43%,20847000,1649,90,normal,100,927
1656796491,20220702,15538395933,11968000,43%,20847000,1648,90,normal,100,927
1656813338,20220703,15538395933,11968000,43%,20847000,1648,90,normal,100,928
1656824043,20220703,15538395933,11968000,43%,20847000,1648,90,normal,100,929
1656826642,20220703,15538395933,11968000,43%,20847000,1648,90,normal,100,930
1656837720,20220703,15538395933,11968000,43%,20847000,1648,90,normal,100,931
1656846903,20220703,15538395933,11968000,43%,20847000,1647,90,normal,100,932
1656851426,20220703,15538395933,11968000,43%,20847000,1647,90,normal,100,933
1656854695,20220703,15538395933,11968000,43%,20847000,1645,90,normal,100,933
1656855698,20220703,15538395933,11968000,43%,20847000,1645,90,normal,100,932
1656857744,20220703,15538395933,11968000,43%,20847000,1644,90,normal,100,932
1656862876,20220703,15538395933,11968000,43%,20847000,1645,90,normal,100,932
1656865406,20220703,15538395933,11968000,43%,20847000,1644,89,normal,100,932
1656867151,20220703,15538395933,11968000,43%,20847000,1644,89,normal,100,933
1656869945,20220703,15538395933,11968000,43%,20847000,1644,89,normal,100,932
1656875621,20220703,15538395933,11968000,43%,20847000,1644,89,normal,101,932
1656879458,20220703,15538395933,11968000,43%,20847000,1645,89,normal,101,933
1656882891,20220703,15538395933,11968000,43%,20847000,1645,89,normal,101,934
1656886575,20220703,15538395933,11968000,43%,20847000,1645,89,normal,101,936
1656887931,20220703,15538395933,11968000,43%,20847000,1645,89,normal,101,938
1656890244,20220703,15538395933,11968000,43%,20847000,1644,89,normal,101,939
1656899918,20220704,15538395933,11968000,43%,20847000,1645,89,normal,101,942
1656906759,20220704,15538395933,11968000,43%,20847000,1643,89,normal,101,944
1656913642,20220704,15538395933,11968000,43%,20847000,1643,89,normal,101,943
1656916060,20220704,15538395933,11968000,43%,20847000,1643,89,normal,101,944
1656924458,20220704,15538395933,11968000,43%,20847000,1643,89,normal,101,945
1656931487,20220704,15538395933,11968000,43%,20847000,1643,89,normal,101,946
1656933313,20220704,15538395933,11968000,43%,20847000,1643,89,normal,101,947
1656944228,20220704,15538395933,11968000,43%,20847000,1663,89,normal,101,947
1656946133,20220704,15538395933,11968000,43%,20847000,1663,89,normal,102,947
1656952006,20220704,15538395933,11968000,43%,20847000,1663,89,normal,102,948
1656955615,20220704,15538395933,11968000,43%,20847000,1662,89,normal,102,948
1656958969,20220704,15538395933,11968000,43%,20847000,1661,89,normal,102,950
1656960411,20220704,15538395933,11968000,43%,20847000,1660,89,normal,102,951
1656963403,20220704,15538395933,11968000,43%,20847000,1660,89,normal,102,952
1656965904,20220704,15538395933,11968000,43%,20847000,1659,89,normal,103,953
1656967205,20220704,15538395933,11968000,43%,20847000,1657,89,normal,103,954
1656973033,20220704,15538395933,11968000,43%,20847000,1656,89,normal,103,954
1656974375,20220704,15538395933,11968000,43%,20847000,1656,89,normal,103,955
1656985747,20220705,15538395933,11968000,43%,20847000,1654,89,normal,103,957
1656992627,20220705,15538395933,11968000,43%,20847000,1653,89,normal,103,962
1656995833,20220705,15538395933,11968000,43%,20847000,1654,89,normal,103,962
1657009372,20220705,15538395933,11968000,43%,20847000,1654,89,normal,103,961
1657024654,20220705,15538395933,11968000,43%,20847000,1653,89,normal,103,961
1657028583,20220705,15538395933,11968000,43%,20847000,1653,89,normal,103,962
1657031961,20220705,15538395933,11968000,43%,20847000,1653,89,normal,103,963
1657034558,20220705,15538395933,11968000,43%,20847000,1651,89,normal,103,965
1657035902,20220705,15538395933,11968000,43%,20847000,1650,89,normal,103,966
1657038642,20220705,15538395933,11968000,43%,20847000,1650,91,normal,103,967
1657041893,20220705,15538395933,11968000,43%,20847000,1649,91,normal,103,966
1657043090,20220705,15538395933,11968000,43%,20847000,1649,91,normal,103,967
1657045296,20220705,15538395933,11968000,43%,20847000,1649,91,normal,104,968
1657052344,20220705,15538395933,11968000,43%,20847000,1648,91,normal,104,970
1657053676,20220705,15538395933,11968000,43%,20847000,1649,91,normal,104,971
1657055769,20220705,15538395933,11968000,43%,20847000,1648,91,normal,104,971
1657059415,20220705,15538395933,11968000,43%,20847000,1647,91,normal,104,971
1657063131,20220705,15538395933,11968000,43%,20847000,1646,91,normal,104,971
1657064415,20220705,15538395933,11968000,43%,20847000,1646,91,normal,104,973
1657072791,20220706,15538395933,11968000,43%,20847000,1646,91,normal,105,980
1657079575,20220706,15538395933,11968000,43%,20847000,1645,91,normal,106,982
1657082954,20220706,15538395933,11968000,43%,20847000,1644,91,normal,106,983
1657085318,20220706,15538395933,11968000,43%,20847000,1644,91,normal,106,984
1657086431,20220706,15538395933,11968000,43%,20847000,1645,91,normal,106,984
1657100609,20220706,15538395933,11968000,43%,20847000,1645,91,normal,106,985
1657117040,20220706,15538395933,11968000,43%,20847000,1644,91,normal,106,985
1657118381,20220706,15538395933,11968000,43%,20847000,1643,91,normal,106,985
1657121442,20220706,15538395933,11968000,43%,20847000,1643,91,normal,107,985
1657124929,20220706,15538395933,11968000,43%,20847000,1643,93,normal,107,985
1657129432,20220706,15538395933,11968000,43%,20847000,1643,93,normal,107,986
1657131742,20220706,15538395933,11968000,43%,20847000,1643,93,normal,107,987
1657134867,20220706,15538395933,11968000,43%,20847000,1643,93,normal,107,988
1657138715,20220706,15538395933,11968000,43%,20847000,1642,93,normal,108,989
1657145900,20220706,15538395933,11968000,43%,20847000,1642,93,normal,108,990
1657149417,20220706,15538395933,11968000,43%,20847000,1643,93,normal,108,989
1657158916,20220707,15538395933,11968000,43%,20847000,1642,93,normal,108,990
1657165755,20220707,15538395933,11968000,43%,20847000,1640,93,normal,108,994
1657172603,20220707,15538395933,11968000,43%,20847000,1639,93,normal,108,994
1657183614,20220707,15538395933,11968000,43%,20847000,1638,93,normal,108,994
1657192550,20220707,15538395933,11968000,43%,20847000,1637,93,normal,108,993
1657201496,20220707,15538395933,11968000,43%,20847000,1637,93,normal,108,994
1657204769,20220707,15538395933,11968000,43%,20847000,1636,93,normal,108,994
1657209035,20220707,15538395933,11968000,43%,20847000,1635,93,normal,108,995
1657211443,20220707,15538395933,11968000,43%,20847000,1633,93,normal,108,996
1657214744,20220707,15538395933,11968000,43%,20847000,1633,94,normal,108,998
1657218163,20220707,15538395933,11968000,43%,20847000,1633,94,normal,108,999
1657219711,20220707,15538395933,11968000,43%,20847000,1633,94,normal,108,1001
1657221836,20220707,15538395933,11968000,43%,20847000,1632,94,normal,108,1001
1657222658,20220707,15538395933,11968000,43%,20847000,1631,94,normal,108,1001
1657225167,20220707,15538395933,11968000,43%,20847000,1632,94,normal,109,1001
1657228544,20220707,15538395933,11968000,43%,20847000,1631,94,normal,109,1003
1657229943,20220707,15538395933,11968000,43%,20847000,1630,94,normal,109,1003
1657232286,20220707,15538395933,11968000,43%,20847000,1626,94,normal,109,1004
1657237254,20220707,15538395933,11968000,43%,20847000,1625,94,normal,109,1004
1657245174,20220708,15538395933,11968000,43%,20847000,1621,94,normal,109,1005
1657251820,20220708,15538395933,11968000,43%,20847000,1619,94,normal,109,1006
1657276235,20220708,15538395933,11968000,43%,20847000,1618,94,normal,109,1007
1657278947,20220708,15538395933,11968000,43%,20847000,1617,94,normal,109,1009
1657287387,20220708,15538395933,11968000,43%,20847000,1616,94,normal,109,1009
1657290221,20220708,15538395933,11968000,43%,20847000,1614,94,normal,109,1012
1657291545,20220708,15538395933,11968000,43%,20847000,1614,94,normal,109,1013
1657297829,20220708,15538395933,11968000,43%,20847000,1614,96,normal,109,1015
1657299942,20220708,15538395933,11968000,43%,20847000,1612,96,normal,109,1015
1657302475,20220708,15538395933,11968000,43%,20847000,1611,96,normal,109,1015
1657304569,20220708,15538395933,11968000,43%,20847000,1611,96,normal,109,1016
1657307695,20220708,15538395933,11968000,43%,20847000,1610,96,normal,109,1018
1657309009,20220708,15538395933,11968000,43%,20847000,1609,96,normal,109,1018
1657318637,20220708,15538395933,11968000,43%,20847000,1609,96,normal,109,1020
1657319993,20220708,15538395933,11968000,43%,20847000,1607,96,normal,110,1020
1657322271,20220708,15538395933,11968000,43%,20847000,1606,96,normal,110,1021
1657330768,20220709,15538395933,11968000,43%,20847000,1605,96,normal,111,1021
1657336768,20220709,15538395933,11968000,43%,20847000,1605,96,normal,111,1024
1657339069,20220709,15538395933,11968000,43%,20847000,1605,96,normal,111,1026
1657341055,20220709,15538395933,11968000,43%,20847000,1605,96,normal,111,1027
1657343726,20220709,15538395933,11968000,43%,20847000,1605,96,normal,111,1030
1657347663,20220709,15538395933,11968000,43%,20847000,1605,96,normal,111,1031
1657369894,20220709,15538395933,11968000,43%,20847000,1604,96,normal,111,1032
1657373225,20220709,15538395933,11968000,43%,20847000,1604,96,normal,111,1033
1657374232,20220709,15538395933,11968000,43%,20847000,1604,96,normal,111,1034
1657381299,20220709,15538395933,11968000,43%,20847000,1604,96,normal,112,1034
1657388422,20220709,15538395933,11968000,43%,20847000,1605,96,normal,112,1034
1657390831,20220709,15538395933,11968000,43%,20847000,1604,96,normal,113,1034
1657406463,20220709,15538395933,11968000,43%,20847000,1605,96,normal,114,1035
1657408612,20220709,15538395933,11968000,43%,20847000,1606,96,normal,114,1035
1657418356,20220710,15538395933,11968000,43%,20847000,1601,96,normal,114,1036
1657424292,20220710,15538395933,11968000,43%,20847000,1600,96,normal,114,1036
1657427330,20220710,15538395933,11968000,43%,20847000,1599,96,normal,114,1038
1657449641,20220710,15538395933,11968000,43%,20847000,1599,96,normal,114,1039
1657463947,20220710,15538395933,11968000,43%,20847000,1599,96,normal,114,1040
1657466291,20220710,15538395933,11968000,43%,20847000,1598,96,normal,114,1041
1657470260,20220710,15538395933,11968000,43%,20847000,1597,91,normal,114,1043
1657471973,20220710,15538395933,11968000,43%,20847000,1596,91,normal,114,1043
1657474748,20220710,15538395933,11968000,43%,20847000,1596,91,normal,114,1044
1657481849,20220710,15538395933,11968000,43%,20847000,1595,91,normal,114,1044
1657485686,20220710,15538395933,11968000,43%,20847000,1595,91,normal,114,1045
1657491450,20220710,15538395933,11968000,43%,20847000,1595,91,normal,114,1046
1657492784,20220710,15538395933,11968000,43%,20847000,1594,91,normal,114,1046
1657496376,20220710,15538395933,11968000,43%,20847000,1594,91,normal,114,1048
1657504208,20220711,15538395933,11968000,43%,20847000,1593,91,normal,114,1050
1657510723,20220711,15538395933,11968000,43%,20847000,1593,91,normal,114,1052
1657514271,20220711,15538395933,11968000,43%,20847000,1593,91,normal,114,1053
1657547439,20220711,15538395933,11968000,43%,20847000,1592,91,normal,114,1054
1657549081,20220711,15538395933,11968000,43%,20847000,1591,91,normal,114,1055
1657551067,20220711,15538395933,11968000,43%,20847000,1591,91,normal,114,1057
1657553023,20220711,15538395933,11968000,43%,20847000,1591,91,normal,114,1058
1657559066,20220711,15538395933,11968000,43%,20847000,1591,90,normal,115,1058
1657562311,20220711,15538395933,11968000,43%,20847000,1590,90,normal,115,1058
1657563801,20220711,15538395933,11968000,43%,20847000,1589,90,normal,115,1058
1657565807,20220711,15538395933,11968000,43%,20847000,1588,90,normal,115,1060
1657568212,20220711,15538395933,11968000,43%,20847000,1588,90,normal,115,1059
1657572060,20220711,15538395933,11968000,43%,20847000,1588,90,normal,117,1059
1657577851,20220711,15538395933,11968000,43%,20847000,1587,90,normal,117,1059
1657579211,20220711,15538395933,11968000,43%,20847000,1586,90,normal,117,1059
1657581460,20220711,15538395933,11968000,43%,20847000,1586,90,normal,117,1060
1657582798,20220711,15538395933,11968000,43%,20847000,1586,90,normal,117,1062
1657590986,20220712,15538395933,11968000,43%,20847000,1586,90,normal,117,1067
1657598468,20220712,15538395933,11968000,43%,20847000,1586,90,normal,117,1069
1657605066,20220712,15538395933,11968000,43%,20847000,1586,90,normal,117,1070
1657621262,20220712,15538395933,11968000,43%,20847000,1586,90,normal,118,1070
1657625139,20220712,15538395933,11968000,43%,20847000,1586,90,normal,118,1071
1657629844,20220712,15538395933,11968000,43%,20847000,1587,90,normal,118,1072
1657633800,20220712,15538395933,11968000,43%,20847000,1585,90,normal,118,1072
1657635927,20220712,15538395933,11968000,43%,20847000,1585,90,normal,119,1073
1657639209,20220712,15538395933,11968000,43%,20847000,1585,90,normal,119,1074
1657643221,20220712,15538395933,11968000,43%,20847000,1585,95,normal,120,1075
1657646845,20220712,15538395933,11968000,43%,20847000,1586,95,normal,120,1075
1657650183,20220712,15538395933,11968000,43%,20847000,1586,95,normal,120,1076
1657654610,20220712,15538395933,11968000,43%,20847000,1586,95,normal,120,1077
1657658532,20220712,15538395933,11968000,43%,20847000,1585,95,normal,120,1077
1657660594,20220712,15538395933,11968000,43%,20847000,1585,95,normal,120,1078
1657664279,20220712,15538395933,11968000,43%,20847000,1585,95,normal,121,1078
1657665624,20220712,15538395933,11968000,43%,20847000,1585,95,normal,121,1079
1657667897,20220712,15538395933,11968000,43%,20847000,1583,95,normal,121,1080
1657676981,20220713,15538395933,11968000,43%,20847000,1578,95,normal,121,1084
1657683705,20220713,15538395933,11968000,43%,20847000,1578,95,normal,121,1089
1657715697,20220713,15538395933,11968000,43%,20847000,1577,95,normal,121,1090
1657719992,20220713,15538395933,11968000,43%,20847000,1577,95,normal,121,1093
1657721894,20220713,15538395933,11968000,43%,20847000,1577,95,normal,121,1095
1657723204,20220713,15538395933,11968000,43%,20847000,1578,95,normal,121,1095
1657725616,20220713,15538395933,11968000,43%,20847000,1577,95,normal,121,1096
1657729854,20220713,15538395933,11968000,43%,20847000,1575,97,normal,121,1096
1657734271,20220713,15538395933,11968000,43%,20847000,1573,97,normal,121,1097
1657737925,20220713,15538395933,11968000,43%,20847000,1570,97,normal,121,1097
1657739692,20220713,15538395933,11968000,43%,20847000,1571,97,normal,121,1098
1657741012,20220713,15538395933,11968000,43%,20847000,1571,97,normal,121,1099
1657747074,20220713,15538395933,11968000,43%,20847000,1571,97,normal,121,1101
1657750597,20220713,15538395933,11968000,43%,20847000,1570,97,normal,121,1101
1657754286,20220713,15538395933,11968000,43%,20847000,1571,97,normal,121,1101
1657763723,20220714,15538395933,11968000,43%,20847000,1572,97,normal,121,1104
1657770719,20220714,15538395933,11968000,43%,20847000,1572,97,normal,121,1107
1657776632,20220714,15538395933,11968000,43%,20847000,1572,97,normal,121,1108
1657788369,20220714,15538395933,11968000,43%,20847000,1573,97,normal,121,1108
1657798636,20220714,15538395933,11968000,43%,20847000,1572,97,normal,121,1108
1657802339,20220714,15538395933,11968000,43%,20847000,1571,97,normal,123,1108
1657806079,20220714,15538395933,11968000,43%,20847000,1571,97,normal,123,1109
1657808194,20220714,15538395933,11968000,43%,20847000,1571,97,normal,123,1110
1657812031,20220714,15538395933,11968000,43%,20847000,1570,97,normal,123,1110
1657813497,20220714,15538395933,11968000,43%,20847000,1570,97,normal,123,1111
1657816400,20220714,15538395933,11968000,43%,20847000,1568,97,normal,124,1112
1657819745,20220714,15538395933,11968000,43%,20847000,1568,98,normal,125,1112
1657822976,20220714,15538395933,11968000,43%,20847000,1567,98,normal,125,1113
1657824397,20220714,15538395933,11968000,43%,20847000,1566,98,normal,125,1114
1657834799,20220714,15538395933,11968000,43%,20847000,1567,98,normal,125,1114
1657840794,20220714,15538395933,11968000,43%,20847000,1567,98,normal,126,1114
1657842059,20220714,15538395933,11968000,43%,20847000,1566,98,normal,126,1115
1657850583,20220715,15538395933,11968000,43%,20847000,1567,98,normal,126,1119
1657857847,20220715,15538395933,12398000,41%,20847000,1566,98,normal,126,1121
1657869440,20220715,15538395933,12398000,41%,20847000,1566,98,normal,126,1122
1657883704,20220715,15538395933,12398000,41%,20847000,1566,98,normal,126,1123
1657892928,20220715,15538395933,12398000,41%,20847000,1567,98,normal,126,1123
1657894923,20220715,15538395933,12398000,41%,20847000,1566,98,normal,127,1123
1657896123,20220715,15538395933,12398000,41%,20847000,1566,98,normal,127,1124
1657902537,20220715,15538395933,12398000,41%,20847000,1565,98,normal,127,1124
1657907138,20220715,15538395933,12398000,41%,20847000,1565,98,normal,127,1125
