data/history/15538395933.csv
time,date,itemid,price,discount,price_before_discount,stock,sold,item_status,cmt_count,liked_count
1657909347,20220715,15538395933,12398000,41%,20847000,1564,98,normal,127,1126
1657910864,20220715,15538395933,12398000,41%,20847000,1563,98,normal,127,1126
1657912471,20220715,15538395933,12398000,41%,20847000,1564,98,normal,127,1126
1657917646,20220715,15538395933,12398000,41%,20847000,1564,98,normal,127,1127
1657921234,20220715,15538395933,12398000,41%,20847000,1564,98,normal,127,1128
1657923433,20220715,15538395933,12398000,41%,20847000,1564,98,normal,127,1129
1657928420,20220715,15538395933,12398000,41%,20847000,1564,98,normal,128,1130
1657936195,20220716,15538395933,12398000,41%,20847000,1564,98,normal,128,1131
1657941987,20220716,15538395933,12398000,41%,20847000,1564,98,normal,128,1133
1657944201,20220716,15538395933,12398000,41%,20847000,1564,98,normal,129,1134
1657976551,20220716,15538395933,12398000,41%,20847000,1564,98,normal,129,1136
1657978912,20220716,15538395933,12398000,41%,20847000,1563,98,normal,130,1136
1657990332,20220716,15538395933,12398000,41%,20847000,1563,95,normal,130,1136
1657991802,20220716,15538395933,12398000,41%,20847000,1562,95,normal,130,1136
1657997053,20220716,15538395933,12398000,41%,20847000,1561,95,normal,130,1136
1657998864,20220716,15538395933,12398000,41%,20847000,1561,95,normal,130,1137
1658002686,20220716,15538395933,12398000,41%,20847000,1561,95,normal,131,1138
1658003984,20220716,15538395933,12398000,41%,20847000,1561,95,normal,131,1139
1658006092,20220716,15538395933,12398000,41%,20847000,1561,95,normal,131,1140
1658009860,20220716,15538395933,12398000,41%,20847000,1561,95,normal,131,1141
1658023013,20220717,15538395933,12398000,41%,20847000,1559,95,normal,131,1141
1658029455,20220717,15538395933,12398000,41%,20847000,1559,95,normal,131,1143
1658032458,20220717,15538395933,12398000,41%,20847000,1560,95,normal,131,1143
1658054437,20220717,15538395933,12398000,41%,20847000,1560,95,normal,131,1144
1658065408,20220717,15538395933,12398000,41%,20847000,1560,95,normal,132,1144
1658068689,20220717,15538395933,12398000,41%,20847000,1559,95,normal,132,1144
1658072500,20220717,15538395933,12398000,41%,20847000,1559,95,normal,132,1145
1658075032,20220717,15538395933,12398000,41%,20847000,1559,94,normal,132,1147
1658082032,20220717,15538395933,12398000,41%,20847000,1559,94,normal,132,1148
1658083446,20220717,15538395933,12398000,41%,20847000,1558,94,normal,132,1149
1658089089,20220717,15538395933,12398000,41%,20847000,1557,94,normal,132,1150
1658093931,20220717,15538395933,12398000,41%,20847000,1556,94,normal,132,1150
1658097586,20220717,15538395933,12398000,41%,20847000,1556,94,normal,132,1151
1658099829,20220717,15538395933,12398000,41%,20847000,1555,94,normal,132,1151
1658101162,20220717,15538395933,12398000,41%,20847000,1555,94,normal,132,1152
1658109264,20220718,15538395933,12398000,41%,20847000,1551,94,normal,132,1157
1658116003,20220718,15538395933,12398000,41%,20847000,1551,94,normal,132,1158
1658152502,20220718,15538395933,12398000,41%,20847000,1551,94,normal,133,1159
1658153984,20220718,15538395933,12398000,41%,20847000,1550,94,normal,133,1159
1658155900,20220718,15538395933,12398000,41%,20847000,1550,94,normal,133,1160
1658161664,20220718,15538395933,12398000,41%,20847000,1550,94,normal,133,1162
1658163734,20220718,15538395933,12398000,41%,20847000,1550,93,normal,133,1163
1658166326,20220718,15538395933,12398000,41%,20847000,1552,93,normal,133,1163
1658168469,20220718,15538395933,12398000,41%,20847000,1552,93,normal,133,1164
1658175536,20220718,15538395933,12398000,41%,20847000,1552,93,normal,133,1165
1658176877,20220718,15538395933,12398000,41%,20847000,1552,93,normal,133,1166
1658180366,20220718,15538395933,12398000,41%,20847000,1551,93,normal,133,1166
1658184070,20220718,15538395933,12398000,41%,20847000,1550,93,normal,133,1166
1658196234,20220719,15538395933,12398000,41%,20847000,1553,93,normal,133,1170
1658203675,20220719,15538395933,12398000,41%,20847000,1550,93,normal,133,1171
1658208738,20220719,15538395933,12398000,41%,20847000,1550,93,normal,133,1172
1658229314,20220719,15538395933,12398000,41%,20847000,1550,93,normal,133,1173
1658238057,20220719,15538395933,12398000,41%,20847000,1450,93,normal,133,1173
1658240228,20220719,15538395933,12398000,41%,20847000,1450,93,normal,133,1175
1658244118,20220719,15538395933,11988000,42%,20847000,100,93,normal,133,1176
1658245575,20220719,15538395933,11988000,42%,20847000,99,93,normal,133,1177
1658248107,20220719,15538395933,11988000,42%,20847000,98,93,normal,133,1178
1658250392,20220719,15538395933,12398000,41%,20847000,1451,95,normal,133,1178
1658252928,20220719,15538395933,12398000,41%,20847000,1548,95,normal,133,1178
1658255086,20220719,15538395933,12398000,41%,20847000,1547,95,normal,133,1178
1658258054,20220719,15538395933,12398000,41%,20847000,1546,95,normal,133,1178
1658261965,20220719,15538395933,12398000,41%,20847000,1546,95,normal,133,1179
1658263320,20220719,15538395933,12398000,41%,20847000,1545,95,normal,134,1179
1658270429,20220719,15538395933,12398000,41%,20847000,1544,95,normal,134,1179
1658272686,20220719,15538395933,12398000,41%,20847000,1544,95,normal,134,1181
1658281774,20220720,15538395933,12398000,41%,20847000,1544,95,normal,134,1184
1658288633,20220720,15538395933,12398000,41%,20847000,1543,95,normal,134,1185
1658313805,20220720,15538395933,12398000,41%,20847000,1544,95,normal,134,1186
1658315708,20220720,15538395933,12398000,41%,20847000,1544,95,normal,134,1187
1658324853,20220720,15538395933,12398000,41%,20847000,1543,95,normal,134,1189
1658330393,20220720,15538395933,12398000,41%,20847000,1541,95,normal,134,1189
1658331823,20220720,15538395933,12398000,41%,20847000,1540,95,normal,135,1189
1658334475,20220720,15538395933,12398000,41%,20847000,1540,100,normal,135,1189
1658336519,20220720,15538395933,12398000,41%,20847000,1538,100,normal,135,1191
1658341340,20220720,15538395933,12398000,41%,20847000,1538,100,normal,135,1190
1658342842,20220720,15538395933,12398000,41%,20847000,1538,100,normal,136,1191
1658344490,20220720,15538395933,12398000,41%,20847000,1536,100,normal,136,1192
1658351735,20220720,15538395933,12398000,41%,20847000,1535,100,normal,136,1192
1658368306,20220721,15538395933,12398000,41%,20847000,1535,100,normal,136,1195
1658374984,20220721,15538395933,12398000,41%,20847000,1534,100,normal,136,1196
1658381311,20220721,15538395933,12398000,41%,20847000,1533,100,normal,136,1196
1658384679,20220721,15538395933,12398000,41%,20847000,1532,100,normal,136,1196
1658398883,20220721,15538395933,12398000,41%,20847000,1532,100,normal,136,1197
1658400316,20220721,15538395933,12398000,41%,20847000,1531,100,normal,136,1197
1658407151,20220721,15538395933,12398000,41%,20847000,1530,100,normal,136,1198
1658410843,20220721,15538395933,12398000,41%,20847000,1528,100,normal,136,1198
1658413017,20220721,15538395933,12398000,41%,20847000,1527,100,normal,136,1199
1658414670,20220721,15538395933,12398000,41%,20847000,1527,100,normal,137,1199
1658417070,20220721,15538395933,12398000,41%,20847000,1528,100,normal,137,1199
1658418356,20220721,15538395933,12398000,41%,20847000,1526,100,normal,137,1200
1658420770,20220721,15538395933,12398000,41%,20847000,1526,100,normal,137,1201
1658429561,20220721,15538395933,12398000,41%,20847000,1525,100,normal,137,1201
1658439719,20220721,15538395933,12398000,41%,20847000,1524,100,normal,137,1201
1658445578,20220721,15538395933,12398000,41%,20847000,1524,100,normal,137,1202
1658446905,20220721,15538395933,12398000,41%,20847000,1525,100,normal,137,1203
1658454891,20220722,15538395933,12398000,41%,20847000,1526,100,normal,139,1207
1658461840,20220722,15538395933,12398000,41%,20847000,1527,100,normal,139,1211
1658467610,20220722,15538395933,12398000,41%,20847000,1528,100,normal,139,1211
1658478366,20220722,15538395933,12398000,41%,20847000,1528,100,normal,139,1212
1658486702,20220722,15538395933,12398000,41%,20847000,1528,100,normal,139,1213
1658488580,20220722,15538395933,12398000,41%,20847000,1529,100,normal,139,1213
1658493381,20220722,15538395933,12398000,41%,20847000,1527,100,normal,139,1215
1658497034,20220722,15538395933,12398000,41%,20847000,1526,100,normal,139,1215
1658500867,20220722,15538395933,12398000,41%,20847000,1524,100,normal,139,1215
1658504679,20220722,15538395933,12398000,41%,20847000,1523,100,normal,139,1215
1658507420,20220722,15538395933,12398000,41%,20847000,1523,97,normal,139,1216
1658509595,20220722,15538395933,12398000,41%,20847000,1523,97,normal,139,1217
1658514258,20220722,15538395933,12398000,41%,20847000,1523,97,normal,139,1219
1658515738,20220722,15538395933,12398000,41%,20847000,1524,97,normal,139,1220
1658528405,20220722,15538395933,12398000,41%,20847000,1523,97,normal,139,1221
1658541035,20220723,15538395933,12398000,41%,20847000,1519,97,normal,140,1221
1658547366,20220723,15538395933,12398000,41%,20847000,1522,97,normal,140,1222
1658574943,20220723,15538395933,12398000,41%,20847000,1522,97,normal,140,1223
1658579530,20220723,15538395933,12398000,41%,20847000,1521,97,normal,140,1224
1658582910,20220723,15538395933,12398000,41%,20847000,1523,97,normal,140,1224
1658593505,20220723,15538395933,12398000,41%,20847000,1521,101,normal,140,1225
1658596764,20220723,15538395933,12398000,41%,20847000,1521,101,normal,140,1226
1658614635,20220723,15538395933,12398000,41%,20847000,1520,101,normal,140,1227
1658619621,20220723,15538395933,12398000,41%,20847000,1519,101,normal,140,1228
1658627916,20220724,15538395933,12398000,41%,20847000,1519,101,normal,141,1229
1658637246,20220724,15538395933,12398000,41%,20847000,1019,101,normal,141,1229
1658640005,20220724,15538395933,12398000,41%,20847000,1019,101,normal,141,1230
1658654262,20220724,15538395933,11988000,42%,20847000,500,101,normal,141,1230
1658657969,20220724,15538395933,11988000,42%,20847000,500,101,normal,141,1231
1658669384,20220724,15538395933,12398000,41%,20847000,1519,101,normal,141,1232
1658670478,20220724,15538395933,12398000,41%,20847000,1019,101,normal,141,1232
1658672171,20220724,15538395933,12398000,41%,20847000,1018,101,normal,141,1232
1658679942,20220724,15538395933,12398000,41%,20847000,1019,101,normal,141,1233
1658681769,20220724,15538395933,12398000,41%,20847000,1018,101,normal,141,1233
1658688377,20220724,15538395933,12398000,41%,20847000,1018,101,normal,141,1234
1658693938,20220724,15538395933,12398000,41%,20847000,1018,101,normal,141,1235
1658695281,20220724,15538395933,12398000,41%,20847000,1017,101,normal,141,1236
1658697358,20220724,15538395933,12398000,41%,20847000,1017,101,normal,141,1237
1658698775,20220724,15538395933,12398000,41%,20847000,1017,101,normal,141,1238
1658701047,20220724,15538395933,12398000,41%,20847000,1016,101,normal,141,1238
1658704665,20220724,15538395933,12398000,41%,20847000,1015,101,normal,141,1238
1658713876,20220725,15538395933,12398000,41%,20847000,1013,101,normal,141,1242
1658720916,20220725,15538395933,11928000,43%,20847000,500,101,normal,142,1245
1658752737,20220725,15538395933,11928000,43%,20847000,500,101,normal,143,1248
1658758672,20220725,15538395933,11928000,43%,20847000,499,101,normal,143,1248
1658762409,20220725,15538395933,11928000,43%,20847000,498,101,normal,143,1248
1658766403,20220725,15538395933,11928000,43%,20847000,498,101,normal,143,1249
1658768366,20220725,15538395933,11928000,43%,20847000,497,101,normal,143,1250
1658770225,20220725,15538395933,11928000,43%,20847000,497,101,normal,143,1251
1658771253,20220725,15538395933,11928000,43%,20847000,497,101,normal,143,1252
1658774949,20220725,15538395933,11928000,43%,20847000,496,101,normal,143,1252
1658777973,20220725,15538395933,11928000,43%,20847000,495,101,normal,143,1252
1658780319,20220725,15538395933,11928000,43%,20847000,494,101,normal,143,1252
1658781621,20220725,15538395933,11928000,43%,20847000,494,101,normal,144,1252
1658787445,20220725,15538395933,11928000,43%,20847000,492,101,normal,144,1253
1658788801,20220725,15538395933,11928000,43%,20847000,490,101,normal,145,1253
1658791134,20220725,15538395933,11928000,43%,20847000,489,101,normal,145,1253
1658792437,20220725,15538395933,11928000,43%,20847000,489,101,normal,145,1254
1658800824,20220726,15538395933,11928000,43%,20847000,486,101,normal,145,1256
1658808627,20220726,15538395933,11928000,43%,20847000,484,101,normal,146,1257
1658828451,20220726,15538395933,11928000,43%,20847000,483,101,normal,146,1257
1658839024,20220726,15538395933,11928000,43%,20847000,482,101,normal,146,1257
1658842817,20220726,15538395933,11928000,43%,20847000,481,101,normal,146,1257
1658844993,20220726,15538395933,11928000,43%,20847000,481,101,normal,146,1256
1658848854,20220726,15538395933,11928000,43%,20847000,480,101,normal,146,1256
1658852801,20220726,15538395933,11928000,43%,20847000,480,105,normal,146,1257
1658856303,20220726,15538395933,11928000,43%,20847000,479,105,normal,146,1257
1658859783,20220726,15538395933,11928000,43%,20847000,479,105,normal,147,1257
1658861264,20220726,15538395933,11928000,43%,20847000,479,105,normal,147,1259
1658862918,20220726,15538395933,11928000,43%,20847000,479,105,normal,147,1260
1658868085,20220726,15538395933,11928000,43%,20847000,478,105,normal,147,1261
1658873971,20220726,15538395933,11928000,43%,20847000,477,105,normal,148,1261
1658878791,20220726,15538395933,11928000,43%,20847000,477,105,normal,148,1262
1658887043,20220727,15538395933,11928000,43%,20847000,475,105,normal,149,1263
1658893951,20220727,15538395933,11928000,43%,20847000,475,105,normal,150,1263
1658897673,20220727,15538395933,11928000,43%,20847000,475,105,normal,150,1264
1658906275,20220727,15538395933,11928000,43%,20847000,475,105,normal,150,1265
1658910273,20220727,15538395933,11928000,43%,20847000,474,105,normal,150,1265
1658913466,20220727,15538395933,11928000,43%,20847000,473,105,normal,150,1265
1658929505,20220727,15538395933,11928000,43%,20847000,472,105,normal,150,1266
1658935218,20220727,15538395933,11928000,43%,20847000,472,105,normal,150,1265
1658936633,20220727,15538395933,11928000,43%,20847000,472,105,normal,150,1266
1658939315,20220727,15538395933,11928000,43%,20847000,472,113,normal,150,1266
1658946127,20220727,15538395933,11928000,43%,20847000,471,113,normal,150,1266
1658947553,20220727,15538395933,11928000,43%,20847000,471,113,normal,150,1267
1658949407,20220727,15538395933,11928000,43%,20847000,470,113,normal,150,1267
1658953117,20220727,15538395933,11928000,43%,20847000,467,113,normal,150,1267
1658954416,20220727,15538395933,11928000,43%,20847000,468,113,normal,150,1267
1658960305,20220727,15538395933,11928000,43%,20847000,466,113,normal,150,1268
1658963876,20220727,15538395933,11928000,43%,20847000,466,113,normal,150,1269
1658965188,20220727,15538395933,11928000,43%,20847000,466,113,normal,150,1270
1658972989,20220728,15538395933,11928000,43%,20847000,463,113,normal,150,1275
1658979933,20220728,15538395933,11928000,43%,20847000,462,113,normal,150,1279
1658983476,20220728,15538395933,11928000,43%,20847000,462,113,normal,150,1281
1658997999,20220728,15538395933,11928000,43%,20847000,462,113,normal,150,1282
1659005081,20220728,15538395933,11928000,43%,20847000,463,113,normal,150,1282
1659008274,20220728,15538395933,11928000,43%,20847000,462,113,normal,150,1282
1659015742,20220728,15538395933,11928000,43%,20847000,462,113,normal,151,1283
1659018012,20220728,15538395933,11928000,43%,20847000,462,113,normal,151,1284
1659021530,20220728,15538395933,11928000,43%,20847000,461,113,normal,152,1286
1659023067,20220728,15538395933,11928000,43%,20847000,460,113,normal,152,1285
1659025819,20220728,15538395933,11928000,43%,20847000,459,113,normal,152,1285
1659027997,20220728,15538395933,11928000,43%,20847000,459,112,normal,153,1285
1659032689,20220728,15538395933,11928000,43%,20847000,458,112,normal,153,1285
1659034178,20220728,15538395933,11928000,43%,20847000,457,112,normal,153,1286
1659035670,20220728,15538395933,11928000,43%,20847000,455,112,normal,153,1286
1659039633,20220728,15538395933,11928000,43%,20847000,456,112,normal,153,1286
1659051669,20220728,15538395933,11928000,43%,20847000,455,112,normal,153,1286
1659059948,20220729,15538395933,11928000,43%,20847000,453,112,normal,153,1288
1659066862,20220729,15538395933,11928000,43%,20847000,451,112,normal,153,1288
1659070293,20220729,15538395933,11928000,43%,20847000,451,112,normal,153,1289
1659091515,20220729,15538395933,11928000,43%,20847000,451,112,normal,153,1290
1659094639,20220729,15538395933,11928000,43%,20847000,452,112,normal,153,1290
1659104162,20220729,15538395933,11928000,43%,20847000,451,112,normal,153,1291
1659105531,20220729,15538395933,11928000,43%,20847000,451,112,normal,153,1292
1659108178,20220729,15538395933,11928000,43%,20847000,451,112,normal,153,1293
1659112064,20220729,15538395933,11928000,43%,20847000,448,112,normal,153,1293
1659113946,20220729,15538395933,11928000,43%,20847000,448,111,normal,153,1293
1659115640,20220729,15538395933,11928000,43%,20847000,447,111,normal,153,1295
1659119014,20220729,15538395933,11928000,43%,20847000,447,111,normal,153,1296
1659122101,20220729,15538395933,11928000,43%,20847000,447,111,normal,153,1295
1659125969,20220729,15538395933,11928000,43%,20847000,447,111,normal,154,1295
1659133077,20220729,15538395933,11928000,43%,20847000,447,111,normal,154,1298
1659145795,20220730,15538395933,11928000,43%,20847000,447,111,normal,154,1301
1659152914,20220730,15538395933,11928000,43%,20847000,446,111,normal,154,1303
1659155951,20220730,15538395933,11928000,43%,20847000,446,111,normal,154,1305
1659172597,20220730,15538395933,11928000,43%,20847000,446,111,normal,154,1306
1659177662,20220730,15538395933,11928000,43%,20847000,446,111,normal,155,1307
1659179788,20220730,15538395933,11928000,43%,20847000,446,111,normal,155,1308
1659181075,20220730,15538395933,11928000,43%,20847000,446,111,normal,156,1308
1659187566,20220730,15538395933,11928000,43%,20847000,446,111,normal,156,1310
1659190570,20220730,15538395933,11928000,43%,20847000,446,111,normal,157,1310
1659198249,20220730,15538395933,11928000,43%,20847000,445,111,normal,157,1310
