data/history/15538395933.csv
time,date,itemid,price,discount,price_before_discount,stock,sold,item_status,cmt_count,liked_count
1659199986,20220730,15538395933,11928000,43%,20847000,445,112,normal,157,1310
1659205248,20220730,15538395933,11928000,43%,20847000,445,112,normal,157,1311
1659208451,20220730,15538395933,11928000,43%,20847000,445,112,normal,157,1312
1659223037,20220730,15538395933,11928000,43%,20847000,445,112,normal,157,1313
1659232968,20220731,15538395933,11928000,43%,20847000,443,112,normal,157,1316
1659239384,20220731,15538395933,11928000,43%,20847000,442,112,normal,157,1317
1659270788,20220731,15538395933,11928000,43%,20847000,441,112,normal,157,1318
1659274057,20220731,15538395933,11928000,43%,20847000,441,112,normal,157,1319
1659276965,20220731,15538395933,11928000,43%,20847000,441,112,normal,157,1318
1659280681,20220731,15538395933,11928000,43%,20847000,440,112,normal,157,1318
1659284615,20220731,15538395933,11928000,43%,20847000,440,112,normal,157,1319
1659286371,20220731,15538395933,11928000,43%,20847000,438,114,normal,157,1319
1659287837,20220731,15538395933,11928000,43%,20847000,438,114,normal,157,1322
1659296234,20220731,15538395933,11928000,43%,20847000,438,114,normal,157,1323
1659302113,20220731,15538395933,11928000,43%,20847000,438,114,normal,157,1325
1659305811,20220731,15538395933,11928000,43%,20847000,437,114,normal,157,1325
1659307176,20220731,15538395933,11928000,43%,20847000,437,114,normal,157,1324
1659309507,20220731,15538395933,11928000,43%,20847000,436,114,normal,157,1324
1659319292,20220801,15538395933,11928000,43%,20847000,434,114,normal,158,1329
1659327402,20220801,15538395933,12398000,41%,20847000,1009,114,normal,158,1333
1659332454,20220801,15538395933,12398000,41%,20847000,1009,114,normal,159,1333
1659335744,20220801,15538395933,12398000,41%,20847000,1443,114,normal,159,1333
1659346946,20220801,15538395933,12398000,41%,20847000,1442,114,normal,159,1333
1659353870,20220801,15538395933,12398000,41%,20847000,1442,114,normal,159,1332
1659357434,20220801,15538395933,12398000,41%,20847000,1443,114,normal,159,1333
1659361436,20220801,15538395933,12398000,41%,20847000,1442,114,normal,160,1334
1659364831,20220801,15538395933,12398000,41%,20847000,1441,114,normal,160,1336
1659367372,20220801,15538395933,12398000,41%,20847000,1441,114,normal,160,1337
1659371294,20220801,15538395933,12398000,41%,20847000,1441,115,normal,160,1337
1659373394,20220801,15538395933,12398000,41%,20847000,1442,115,normal,160,1337
1659375940,20220801,15538395933,12398000,41%,20847000,1442,115,normal,161,1338
1659379896,20220801,15538395933,12398000,41%,20847000,1442,115,normal,161,1337
1659382643,20220801,15538395933,12398000,41%,20847000,1443,115,normal,161,1337
1659390117,20220801,15538395933,12398000,41%,20847000,1443,115,normal,162,1341
1659392394,20220801,15538395933,12398000,41%,20847000,1443,115,normal,162,1343
1659393730,20220801,15538395933,12398000,41%,20847000,1443,115,normal,162,1345
1659396074,20220801,15538395933,12398000,41%,20847000,1442,115,normal,162,1345
1659397347,20220801,15538395933,12398000,41%,20847000,1442,115,normal,163,1345
1659405953,20220802,15538395933,12398000,41%,20847000,1440,115,normal,163,1347
1659413727,20220802,15538395933,12398000,41%,20847000,1439,115,normal,164,1350
1659418322,20220802,15538395933,12398000,41%,20847000,1439,115,normal,164,1351
1659435808,20220802,15538395933,12398000,41%,20847000,1444,115,normal,164,1351
1659438945,20220802,15538395933,12398000,41%,20847000,1443,115,normal,164,1351
1659444021,20220802,15538395933,12398000,41%,20847000,1443,115,normal,166,1351
1659447632,20220802,15538395933,12398000,41%,20847000,1442,115,normal,167,1352
1659449866,20220802,15538395933,12398000,41%,20847000,1441,115,normal,167,1352
1659451239,20220802,15538395933,12398000,41%,20847000,1440,115,normal,167,1355
1659453556,20220802,15538395933,12398000,41%,20847000,1438,115,normal,167,1355
1659455006,20220802,15538395933,12398000,41%,20847000,1438,115,normal,167,1357
1659457587,20220802,15538395933,12398000,41%,20847000,1438,120,normal,167,1358
1659459748,20220802,15538395933,12398000,41%,20847000,1438,120,normal,167,1359
1659464564,20220802,15538395933,12398000,41%,20847000,1438,120,normal,167,1360
1659466008,20220802,15538395933,12398000,41%,20847000,1438,120,normal,167,1361
1659469028,20220802,15538395933,12398000,41%,20847000,1437,120,normal,167,1361
1659471628,20220802,15538395933,12398000,41%,20847000,1437,120,normal,168,1361
1659474974,20220802,15538395933,12398000,41%,20847000,1437,120,normal,168,1360
1659491537,20220803,15538395933,12398000,41%,20847000,1436,120,normal,168,1360
1659498902,20220803,15538395933,12398000,41%,20847000,1435,120,normal,168,1365
1659522037,20220803,15538395933,12398000,41%,20847000,1435,120,normal,168,1366
1659526677,20220803,15538395933,12398000,41%,20847000,1435,120,normal,168,1367
1659530219,20220803,15538395933,12398000,41%,20847000,1435,120,normal,169,1368
1659534017,20220803,15538395933,12398000,41%,20847000,1436,120,normal,169,1368
1659536188,20220803,15538395933,12398000,41%,20847000,1436,120,normal,170,1368
1659537559,20220803,15538395933,12398000,41%,20847000,1436,120,normal,170,1369
1659540088,20220803,15538395933,12398000,41%,20847000,1435,120,normal,170,1368
1659541626,20220803,15538395933,12398000,41%,20847000,1435,120,normal,170,1370
1659543985,20220803,15538395933,12398000,41%,20847000,1435,127,normal,171,1370
1659545828,20220803,15538395933,12398000,41%,20847000,1434,127,normal,171,1370
1659547398,20220803,15538395933,12398000,41%,20847000,1433,127,normal,171,1374
1659550985,20220803,15538395933,12398000,41%,20847000,1433,127,normal,171,1375
1659557975,20220803,15538395933,12398000,41%,20847000,1434,127,normal,172,1376
1659559285,20220803,15538395933,12398000,41%,20847000,1433,127,normal,174,1376
1659561415,20220803,15538395933,12398000,41%,20847000,1433,127,normal,174,1377
1659562798,20220803,15538395933,12398000,41%,20847000,1433,127,normal,174,1378
1659565088,20220803,15538395933,12398000,41%,20847000,1433,127,normal,174,1379
1659568747,20220803,15538395933,12398000,41%,20847000,1432,127,normal,174,1382
1659570050,20220803,15538395933,12398000,41%,20847000,1433,127,normal,174,1382
1659577689,20220804,15538395933,12335000,41%,20847000,1430,127,normal,174,1384
1659583644,20220804,15538395933,12335000,41%,20847000,1429,127,normal,175,1384
1659586990,20220804,15538395933,12335000,41%,20847000,1428,127,normal,175,1384
1659589800,20220804,15538395933,12335000,41%,20847000,1427,127,normal,175,1384
1659592050,20220804,15538395933,12335000,41%,20847000,1427,127,normal,175,1385
1659608450,20220804,15538395933,12335000,41%,20847000,1427,127,normal,175,1386
1659613058,20220804,15538395933,12335000,41%,20847000,1428,127,normal,175,1386
1659616593,20220804,15538395933,12335000,41%,20847000,1427,127,normal,177,1386
1659620274,20220804,15538395933,12335000,41%,20847000,1426,127,normal,177,1388
1659622567,20220804,15538395933,12335000,41%,20847000,1425,127,normal,177,1389
1659623942,20220804,15538395933,12335000,41%,20847000,1424,127,normal,177,1390
1659626526,20220804,15538395933,12335000,41%,20847000,1424,127,normal,177,1391
1659630517,20220804,15538395933,12335000,41%,20847000,1424,135,normal,177,1391
1659632550,20220804,15538395933,12335000,41%,20847000,1424,135,normal,178,1391
1659635149,20220804,15538395933,12335000,41%,20847000,1424,135,normal,179,1392
1659637362,20220804,15538395933,12335000,41%,20847000,1423,135,normal,179,1392
1659638846,20220804,15538395933,12335000,41%,20847000,1423,135,normal,179,1393
1659640554,20220804,15538395933,12335000,41%,20847000,1423,135,normal,180,1395
1659644399,20220804,15538395933,12335000,41%,20847000,1423,135,normal,180,1396
1659645684,20220804,15538395933,12335000,41%,20847000,1423,135,normal,180,1397
1659647794,20220804,15538395933,12335000,41%,20847000,1423,135,normal,181,1399
1659652826,20220804,15538395933,12335000,41%,20847000,1423,135,normal,181,1400
1659664223,20220805,15538395933,12335000,41%,20847000,1423,135,normal,181,1402
1659671123,20220805,15538395933,12335000,41%,20847000,1423,135,normal,182,1403
1659674843,20220805,15538395933,12318000,41%,20847000,1423,135,normal,182,1404
1659677539,20220805,15538395933,12318000,41%,20847000,1423,135,normal,182,1405
1659696127,20220805,15538395933,12318000,41%,20847000,1423,135,normal,182,1404
1659703029,20220805,15538395933,12318000,41%,20847000,1224,135,normal,183,1404
1659706894,20220805,15538395933,12318000,41%,20847000,1224,135,normal,185,1404
1659710461,20220805,15538395933,12318000,41%,20847000,1224,135,normal,186,1404
1659714263,20220805,15538395933,12318000,41%,20847000,1224,135,normal,186,1405
1659716854,20220805,15538395933,12318000,41%,20847000,1224,148,normal,186,1405
1659723788,20220805,15538395933,12318000,41%,20847000,1224,148,normal,187,1407
1659726937,20220805,15538395933,12318000,41%,20847000,1224,148,normal,187,1408
1659730757,20220805,15538395933,12318000,41%,20847000,1223,148,normal,188,1408
1659735583,20220805,15538395933,12318000,41%,20847000,1222,148,normal,188,1408
1659737855,20220805,15538395933,12318000,41%,20847000,1222,148,normal,188,1409
1659739226,20220805,15538395933,12318000,41%,20847000,1221,148,normal,188,1409
1659741481,20220805,15538395933,12318000,41%,20847000,1221,148,normal,189,1409
1659742809,20220805,15538395933,12318000,41%,20847000,1221,148,normal,190,1409
1659750143,20220806,15538395933,12318000,41%,20847000,1220,148,normal,191,1412
1659755989,20220806,15538395933,12318000,41%,20847000,1219,148,normal,191,1414
1659758327,20220806,15538395933,12318000,41%,20847000,1219,148,normal,191,1415
1659760340,20220806,15538395933,12318000,41%,20847000,1219,148,normal,192,1415
1659762962,20220806,15538395933,12318000,41%,20847000,1217,148,normal,192,1415
1659792384,20220806,15538395933,12318000,41%,20847000,1217,148,normal,192,1416
1659793402,20220806,15538395933,12318000,41%,20847000,1216,148,normal,192,1416
1659796701,20220806,15538395933,12318000,41%,20847000,1216,148,normal,193,1416
1659799071,20220806,15538395933,12318000,41%,20847000,1215,148,normal,195,1416
1659803038,20220806,15538395933,12318000,41%,20847000,1216,148,normal,195,1416
1659804782,20220806,15538395933,12318000,41%,20847000,1216,153,normal,195,1416
1659806244,20220806,15538395933,12318000,41%,20847000,1216,153,normal,195,1417
1659807550,20220806,15538395933,12318000,41%,20847000,1215,153,normal,195,1417
1659810087,20220806,15538395933,12318000,41%,20847000,1215,153,normal,195,1418
1659813262,20220806,15538395933,12318000,41%,20847000,1215,153,normal,195,1419
1659817083,20220806,15538395933,12318000,41%,20847000,1215,153,normal,195,1420
1659818397,20220806,15538395933,12318000,41%,20847000,1214,153,normal,195,1420
1659825581,20220806,15538395933,12318000,41%,20847000,1213,153,normal,195,1420
1659827880,20220806,15538395933,12318000,41%,20847000,1212,153,normal,195,1419
1659829209,20220806,15538395933,12318000,41%,20847000,1212,153,normal,195,1420
1659837189,20220807,15538395933,12318000,41%,20847000,1211,153,normal,195,1423
1659842622,20220807,15538395933,12318000,41%,20847000,1211,153,normal,195,1424
1659847824,20220807,15538395933,12318000,41%,20847000,1210,153,normal,195,1424
1659849343,20220807,15538395933,12318000,41%,20847000,1210,153,normal,195,1425
1659872218,20220807,15538395933,12318000,41%,20847000,1210,153,normal,195,1426
1659878824,20220807,15538395933,12318000,41%,20847000,1210,153,normal,195,1427
1659889407,20220807,15538395933,12318000,41%,20847000,1210,153,normal,195,1428
1659891172,20220807,15538395933,12318000,41%,20847000,1210,154,normal,195,1428
1659892643,20220807,15538395933,12318000,41%,20847000,1209,154,normal,195,1428
1659896499,20220807,15538395933,12318000,41%,20847000,1208,154,normal,195,1428
1659899675,20220807,15538395933,12318000,41%,20847000,1208,154,normal,195,1429
1659901089,20220807,15538395933,12318000,41%,20847000,1208,154,normal,195,1431
1659903535,20220807,15538395933,12318000,41%,20847000,1206,154,normal,195,1433
1659906907,20220807,15538395933,12318000,41%,20847000,1206,154,normal,195,1435
1659910643,20220807,15538395933,12318000,41%,20847000,1206,154,normal,195,1436
1659912002,20220807,15538395933,12318000,41%,20847000,1206,154,normal,196,1436
1659914248,20220807,15538395933,12318000,41%,20847000,1205,154,normal,196,1438
1659923169,20220808,15538395933,12318000,41%,20847000,1202,154,normal,196,1441
1659930044,20220808,15538395933,12318000,41%,20847000,1202,154,normal,196,1442
1659933357,20220808,15538395933,12318000,41%,20847000,1202,154,normal,197,1443
1659936128,20220808,15538395933,12318000,41%,20847000,1201,154,normal,197,1443
1659954059,20220808,15538395933,12318000,41%,20847000,1201,154,normal,197,1444
1659962226,20220808,15538395933,12318000,41%,20847000,1200,154,normal,197,1445
1659966109,20220808,15538395933,12318000,41%,20847000,1198,154,normal,197,1445
1659968313,20220808,15538395933,12318000,41%,20847000,1196,154,normal,197,1447
1659969607,20220808,15538395933,12318000,41%,20847000,1194,154,normal,198,1448
1659973582,20220808,15538395933,12318000,41%,20847000,1194,154,normal,198,1449
1659976041,20220808,15538395933,12318000,41%,20847000,1191,151,normal,198,1449
1659977973,20220808,15538395933,12318000,41%,20847000,1190,151,normal,198,1451
1659979731,20220808,15538395933,12318000,41%,20847000,1190,151,normal,198,1452
1659980752,20220808,15538395933,12318000,41%,20847000,1190,151,normal,198,1451
1659983020,20220808,15538395933,12318000,41%,20847000,1188,151,normal,198,1452
1659984452,20220808,15538395933,12318000,41%,20847000,1187,151,normal,198,1452
1659989993,20220808,15538395933,12318000,41%,20847000,1188,151,normal,198,1452
1659991309,20220808,15538395933,12318000,41%,20847000,1187,151,normal,199,1452
1659993358,20220808,15538395933,12318000,41%,20847000,1186,151,normal,199,1452
1659994774,20220808,15538395933,12318000,41%,20847000,1186,151,normal,199,1453
1660000789,20220808,15538395933,12318000,41%,20847000,1185,151,normal,199,1453
1660002085,20220808,15538395933,12318000,41%,20847000,1185,151,normal,200,1453
1660010205,20220809,15538395933,12318000,41%,20847000,1185,151,normal,201,1456
1660016750,20220809,15538395933,12318000,41%,20847000,1383,151,normal,201,1457
1660020134,20220809,15538395933,12318000,41%,20847000,1382,151,normal,201,1458
1660034701,20220809,15538395933,12288000,41%,20847000,1377,151,normal,201,1458
1660036743,20220809,15538395933,12288000,41%,20847000,1277,151,normal,201,1458
1660038114,20220809,15538395933,12288000,41%,20847000,1277,151,normal,201,1459
1660040521,20220809,15538395933,12288000,41%,20847000,1277,151,normal,202,1459
1660052886,20220809,15538395933,12288000,41%,20847000,1276,151,normal,202,1461
1660054799,20220809,15538395933,12288000,41%,20847000,1277,151,normal,202,1461
1660056033,20220809,15538395933,12288000,41%,20847000,1276,151,normal,202,1461
1660058481,20220809,15538395933,12288000,41%,20847000,1274,151,normal,202,1461
1660059945,20220809,15538395933,12288000,41%,20847000,1274,151,normal,202,1462
1660062342,20220809,15538395933,12288000,41%,20847000,1274,154,normal,202,1462
1660065863,20220809,15538395933,12288000,41%,20847000,1274,154,normal,202,1463
1660069321,20220809,15538395933,12288000,41%,20847000,1275,154,normal,202,1465
1660070813,20220809,15538395933,12288000,41%,20847000,1274,154,normal,202,1466
1660073985,20220809,15538395933,12288000,41%,20847000,1273,154,normal,203,1467
1660077707,20220809,15538395933,12288000,41%,20847000,1272,154,normal,203,1468
1660079771,20220809,15538395933,12288000,41%,20847000,1272,154,normal,204,1468
1660081222,20220809,15538395933,12288000,41%,20847000,1271,154,normal,204,1468
1660083482,20220809,15538395933,12288000,41%,20847000,1269,154,normal,205,1469
1660087129,20220809,15538395933,12288000,41%,20847000,1269,154,normal,205,1470
1660095612,20220810,15538395933,12288000,41%,20847000,1269,154,normal,205,1470
1660100713,20220810,15538395933,11489000,45%,20847000,100,154,normal,206,1470
1660105373,20220810,15538395933,11489000,45%,20847000,98,154,normal,206,1470
1660117148,20220810,15538395933,11489000,45%,20847000,98,154,normal,207,1470
1660121106,20220810,15538395933,11489000,45%,20847000,98,154,normal,208,1470
1660123093,20220810,15538395933,11489000,45%,20847000,97,154,normal,208,1470
1660130128,20220810,15538395933,11489000,45%,20847000,97,154,normal,208,1471
1660140995,20220810,15538395933,11489000,45%,20847000,97,154,normal,208,1472
1660142374,20220810,15538395933,11489000,45%,20847000,97,154,normal,208,1473
1660144726,20220810,15538395933,11489000,45%,20847000,97,154,normal,209,1475
1660148881,20220810,15538395933,11489000,45%,20847000,97,154,normal,209,1476
1660150973,20220810,15538395933,11489000,45%,20847000,97,162,normal,209,1477
1660155731,20220810,15538395933,11489000,45%,20847000,97,162,normal,210,1477
1660158905,20220810,15538395933,11489000,45%,20847000,97,162,normal,210,1478
1660162738,20220810,15538395933,11489000,45%,20847000,97,162,normal,211,1478
1660166166,20220810,15538395933,11489000,45%,20847000,97,162,normal,212,1478
1660167574,20220810,15538395933,11489000,45%,20847000,97,162,normal,213,1478
1660169875,20220810,15538395933,11489000,45%,20847000,97,162,normal,213,1479
1660173460,20220810,15538395933,11489000,45%,20847000,97,162,normal,213,1481
1660182186,20220811,15538395933,11489000,45%,20847000,97,162,normal,214,1485
1660187946,20220811,15538395933,11489000,45%,20847000,97,162,normal,214,1487
1660198986,20220811,15538395933,11489000,45%,20847000,97,162,normal,214,1488
1660209522,20220811,15538395933,11489000,45%,20847000,98,162,normal,214,1488
1660225192,20220811,15538395933,11489000,45%,20847000,98,162,normal,214,1489
1660227390,20220811,15538395933,11489000,45%,20847000,98,162,normal,215,1489
1660231173,20220811,15538395933,11489000,45%,20847000,98,162,normal,215,1490
1660232624,20220811,15538395933,11489000,45%,20847000,98,162,normal,215,1492
1660236978,20220811,15538395933,11489000,45%,20847000,98,173,normal,215,1492
1660238508,20220811,15538395933,11489000,45%,20847000,98,173,normal,215,1493
