data/history/15538395933.csv
time,date,itemid,price,discount,price_before_discount,stock,sold,item_status,cmt_count,liked_count
1660242126,20220811,15538395933,11489000,45%,20847000,98,173,normal,215,1494
1660243691,20220811,15538395933,11489000,45%,20847000,98,173,normal,216,1495
1660246731,20220811,15538395933,11489000,45%,20847000,98,173,normal,216,1498
1660249124,20220811,15538395933,11489000,45%,20847000,98,173,normal,216,1499
1660254017,20220811,15538395933,11489000,45%,20847000,98,173,normal,216,1500
1660256267,20220811,15538395933,11489000,45%,20847000,98,173,normal,217,1501
1660261236,20220811,15538395933,11489000,45%,20847000,98,173,normal,218,1503
1660268819,20220812,15538395933,11489000,45%,20847000,98,173,normal,218,1504
1660275289,20220812,15538395933,11130000,47%,20847000,28,173,normal,218,1508
1660278743,20220812,15538395933,11130000,47%,20847000,28,173,normal,218,1511
1660281523,20220812,15538395933,11130000,47%,20847000,28,173,normal,218,1512
1660285427,20220812,15538395933,11130000,47%,20847000,28,173,normal,218,1513
1660295863,20220812,15538395933,11489000,45%,20847000,98,173,normal,218,1514
1660311661,20220812,15538395933,11489000,45%,20847000,98,173,normal,218,1516
1660313804,20220812,15538395933,11489000,45%,20847000,98,173,normal,219,1516
1660319167,20220812,15538395933,11489000,45%,20847000,98,173,normal,220,1516
1660321819,20220812,15538395933,11489000,45%,20847000,98,182,normal,220,1516
1660326274,20220812,15538395933,11489000,45%,20847000,98,182,normal,221,1516
1660328562,20220812,15538395933,11489000,45%,20847000,98,182,normal,221,1519
1660331680,20220812,15538395933,11489000,45%,20847000,98,182,normal,221,1520
1660335525,20220812,15538395933,11489000,45%,20847000,98,182,normal,221,1521
1660338986,20220812,15538395933,11489000,45%,20847000,98,182,normal,222,1521
1660346261,20220812,15538395933,11489000,45%,20847000,98,182,normal,222,1523
1660354827,20220813,15538395933,11489000,45%,20847000,98,182,normal,222,1526
1660389287,20220813,15538395933,11489000,45%,20847000,98,182,normal,222,1527
1660397252,20220813,15538395933,11489000,45%,20847000,98,182,normal,222,1528
1660398291,20220813,15538395933,11489000,45%,20847000,98,182,normal,222,1529
1660403900,20220813,15538395933,11489000,45%,20847000,98,182,normal,223,1530
1660405313,20220813,15538395933,11489000,45%,20847000,98,182,normal,224,1530
1660407818,20220813,15538395933,11489000,45%,20847000,98,183,normal,224,1531
1660409571,20220813,15538395933,11489000,45%,20847000,98,183,normal,224,1532
1660411050,20220813,15538395933,11489000,45%,20847000,98,183,normal,224,1535
1660416294,20220813,15538395933,11489000,45%,20847000,98,183,normal,225,1535
1660425313,20220813,15538395933,11489000,45%,20847000,98,183,normal,225,1536
1660426725,20220813,15538395933,11489000,45%,20847000,98,183,normal,225,1537
1660432652,20220813,15538395933,11489000,45%,20847000,98,183,normal,225,1538
1660433980,20220813,15538395933,11489000,45%,20847000,98,183,normal,226,1538
1660442075,20220814,15538395933,11489000,45%,20847000,98,183,normal,227,1542
1660448162,20220814,15538395933,11489000,45%,20847000,98,183,normal,227,1543
1660462673,20220814,15538395933,11489000,45%,20847000,98,183,normal,227,1544
1660475713,20220814,15538395933,11489000,45%,20847000,98,183,normal,227,1545
1660483790,20220814,15538395933,11489000,45%,20847000,98,183,normal,227,1546
1660486619,20220814,15538395933,11489000,45%,20847000,98,183,normal,227,1547
1660487937,20220814,15538395933,11489000,45%,20847000,97,183,normal,227,1547
1660490313,20220814,15538395933,11489000,45%,20847000,97,183,normal,227,1548
1660494224,20220814,15538395933,11489000,45%,20847000,96,183,normal,227,1548
1660495992,20220814,15538395933,11489000,45%,20847000,96,183,normal,227,1549
1660501270,20220814,15538395933,11489000,45%,20847000,96,183,normal,227,1550
1660504468,20220814,15538395933,11489000,45%,20847000,96,183,normal,227,1551
1660508290,20220814,15538395933,11489000,45%,20847000,95,183,normal,227,1551
1660511748,20220814,15538395933,11489000,45%,20847000,95,183,normal,227,1552
1660513143,20220814,15538395933,11489000,45%,20847000,95,183,normal,227,1553
1660515459,20220814,15538395933,11489000,45%,20847000,95,183,normal,227,1555
1660528628,20220815,15538395933,11130000,47%,20847000,28,183,normal,227,1561
1660535953,20220815,15538395933,11489000,45%,20847000,100,183,normal,227,1563
1660540171,20220815,15538395933,11489000,45%,20847000,100,183,normal,227,1564
1660567092,20220815,15538395933,11489000,45%,20847000,99,183,normal,227,1564
1660570862,20220815,15538395933,11489000,45%,20847000,99,183,normal,227,1565
1660573168,20220815,15538395933,11489000,45%,20847000,97,183,normal,227,1568
1660576868,20220815,15538395933,11489000,45%,20847000,97,183,normal,228,1568
1660578322,20220815,15538395933,11489000,45%,20847000,96,183,normal,228,1568
1660580825,20220815,15538395933,11489000,45%,20847000,96,183,normal,228,1569
1660582942,20220815,15538395933,11489000,45%,20847000,95,183,normal,228,1570
1660585497,20220815,15538395933,11489000,45%,20847000,95,183,normal,228,1571
1660587829,20220815,15538395933,11489000,45%,20847000,94,183,normal,228,1573
1660592248,20220815,15538395933,11489000,45%,20847000,93,183,normal,228,1573
1660594748,20220815,15538395933,11489000,45%,20847000,93,183,normal,228,1575
1660596080,20220815,15538395933,11489000,45%,20847000,92,183,normal,228,1575
1660605528,20220815,15538395933,11489000,45%,20847000,92,183,normal,228,1576
1660606842,20220815,15538395933,11489000,45%,20847000,92,183,normal,229,1577
1660615048,20220816,15538395933,11489000,45%,20847000,91,183,normal,229,1582
1660621765,20220816,15538395933,11489000,45%,20847000,86,183,normal,229,1583
1660627158,20220816,15538395933,11489000,45%,20847000,84,183,normal,229,1583
1660632483,20220816,15538395933,11489000,45%,20847000,84,183,normal,230,1583
1660646434,20220816,15538395933,11489000,45%,20847000,83,183,normal,230,1583
1660648443,20220816,15538395933,11489000,45%,20847000,83,183,normal,230,1584
1660656650,20220816,15538395933,11489000,45%,20847000,82,183,normal,230,1584
1660659450,20220816,15538395933,11489000,45%,20847000,81,183,normal,230,1584
1660660714,20220816,15538395933,11489000,45%,20847000,82,183,normal,230,1585
1660663189,20220816,15538395933,11489000,45%,20847000,80,183,normal,230,1587
1660667228,20220816,15538395933,11489000,45%,20847000,79,183,normal,230,1587
1660670816,20220816,15538395933,11489000,45%,20847000,77,183,normal,231,1588
1660674348,20220816,15538395933,11489000,45%,20847000,77,183,normal,231,1589
1660678640,20220816,15538395933,11489000,45%,20847000,77,188,normal,231,1590
1660681172,20220816,15538395933,11489000,45%,20847000,76,188,normal,231,1590
1660682497,20220816,15538395933,11489000,45%,20847000,75,188,normal,231,1590
1660684570,20220816,15538395933,11489000,45%,20847000,75,188,normal,231,1591
1660688349,20220816,15538395933,11489000,45%,20847000,74,188,normal,231,1593
1660691818,20220816,15538395933,11489000,45%,20847000,74,188,normal,231,1594
1660693172,20220816,15538395933,11489000,45%,20847000,73,188,normal,233,1594
1660701877,20220817,15538395933,10999000,47%,20847000,28,188,normal,234,1602
1660709228,20220817,15538395933,11489000,45%,20847000,75,188,normal,234,1607
1660724682,20220817,15538395933,11489000,45%,20847000,75,188,normal,234,1608
1660725971,20220817,15538395933,11489000,45%,20847000,75,188,normal,234,1609
1660732989,20220817,15538395933,11489000,45%,20847000,75,188,normal,235,1609
1660736392,20220817,15538395933,11489000,45%,20847000,75,188,normal,235,1608
1660739969,20220817,15538395933,11489000,45%,20847000,75,188,normal,235,1610
1660744048,20220817,15538395933,11489000,45%,20847000,75,188,normal,235,1611
1660746156,20220817,15538395933,11489000,45%,20847000,73,188,normal,235,1611
1660749673,20220817,15538395933,11489000,45%,20847000,72,188,normal,237,1611
1660751126,20220817,15538395933,11489000,45%,20847000,71,188,normal,237,1611
1660753707,20220817,15538395933,11489000,45%,20847000,70,188,normal,239,1612
1660755842,20220817,15538395933,11489000,45%,20847000,69,188,normal,239,1612
1660758336,20220817,15538395933,11489000,45%,20847000,66,188,normal,239,1612
1660760569,20220817,15538395933,11489000,45%,20847000,65,188,normal,239,1612
1660762176,20220817,15538395933,11489000,45%,20847000,65,188,normal,241,1612
1660763683,20220817,15538395933,11489000,45%,20847000,65,188,normal,241,1613
1660765076,20220817,15538395933,11489000,45%,20847000,65,198,normal,241,1613
1660767565,20220817,15538395933,11489000,45%,20847000,65,198,normal,241,1614
1660772502,20220817,15538395933,11489000,45%,20847000,64,198,normal,241,1615
1660774671,20220817,15538395933,11489000,45%,20847000,64,198,normal,241,1616
1660776124,20220817,15538395933,11489000,45%,20847000,64,198,normal,241,1618
1660778349,20220817,15538395933,11489000,45%,20847000,63,198,normal,241,1620
1660779583,20220817,15538395933,11489000,45%,20847000,63,198,normal,242,1620
1660788088,20220818,15538395933,11489000,45%,20847000,62,198,normal,242,1620
1660795827,20220818,15538395933,11489000,45%,20847000,62,198,normal,242,1623
1660800018,20220818,15538395933,11489000,45%,20847000,63,198,normal,242,1623
1660805477,20220818,15538395933,11489000,45%,20847000,62,198,normal,242,1623
1660818103,20220818,15538395933,11489000,45%,20847000,61,198,normal,242,1623
1660822689,20220818,15538395933,11489000,45%,20847000,60,198,normal,242,1623
1660830134,20220818,15538395933,11489000,45%,20847000,60,198,normal,242,1624
1660832351,20220818,15538395933,11489000,45%,20847000,59,198,normal,242,1625
1660836875,20220818,15538395933,11489000,45%,20847000,59,198,normal,242,1627
1660838304,20220818,15538395933,11489000,45%,20847000,59,198,normal,242,1628
1660840943,20220818,15538395933,11489000,45%,20847000,59,198,normal,242,1629
1660844114,20220818,15538395933,11489000,45%,20847000,60,198,normal,242,1629
1660846901,20220818,15538395933,11489000,45%,20847000,60,198,normal,242,1630
1660848423,20220818,15538395933,11489000,45%,20847000,58,198,normal,242,1632
1660850126,20220818,15538395933,11489000,45%,20847000,57,198,normal,242,1632
1660851444,20220818,15538395933,11489000,45%,20847000,57,195,normal,242,1632
1660854086,20220818,15538395933,11489000,45%,20847000,57,195,normal,243,1632
1660855384,20220818,15538395933,11489000,45%,20847000,56,195,normal,243,1633
1660857394,20220818,15538395933,11489000,45%,20847000,56,203,normal,243,1632
1660861128,20220818,15538395933,11489000,45%,20847000,56,203,normal,243,1633
1660862501,20220818,15538395933,11489000,45%,20847000,56,203,normal,243,1632
1660864728,20220818,15538395933,11489000,45%,20847000,56,203,normal,243,1635
1660866019,20220818,15538395933,11489000,45%,20847000,55,203,normal,243,1635
1660874151,20220819,15538395933,11489000,45%,20847000,53,203,normal,244,1637
1660881125,20220819,15538395933,11489000,45%,20847000,53,203,normal,244,1640
1660884710,20220819,15538395933,11489000,45%,20847000,52,203,normal,244,1641
1660909109,20220819,15538395933,11489000,45%,20847000,52,203,normal,244,1643
1660912562,20220819,15538395933,11489000,45%,20847000,51,203,normal,244,1643
1660916399,20220819,15538395933,11489000,45%,20847000,51,203,normal,244,1644
